// Jest Snapshot v1, https://goo.gl/fbAQLP

exports[`MovieDetails renders snapshot 1`] = `<DocumentFragment />`;
